Archive member included to satisfy reference by file (symbol)

/usr/lib/gcc/avr/7.3.0/avr35/libgcc.a(_exit.o)
                              /usr/lib/gcc/avr/7.3.0/../../../avr/lib/avr35/crtatmega8u2.o (exit)
/usr/lib/gcc/avr/7.3.0/avr35/libgcc.a(_tablejump2.o)
                              LUFA/Drivers/USB/HighLevel/DeviceStandardReq.o (__tablejump2__)
/usr/lib/gcc/avr/7.3.0/avr35/libgcc.a(_copy_data.o)
                              Arduino-keyboard.o (__do_copy_data)
/usr/lib/gcc/avr/7.3.0/avr35/libgcc.a(_clear_bss.o)
                              Arduino-keyboard.o (__do_clear_bss)
/usr/lib/gcc/avr/7.3.0/../../../avr/lib/avr35/libc.a(memcpy_P.o)
                              LUFA/Drivers/USB/Class/Device/RNDIS.o (memcpy_P)
/usr/lib/gcc/avr/7.3.0/../../../avr/lib/avr35/libc.a(memcmp.o)
                              LUFA/Drivers/USB/Class/Device/HID.o (memcmp)
/usr/lib/gcc/avr/7.3.0/../../../avr/lib/avr35/libc.a(memcpy.o)
                              LUFA/Drivers/USB/Class/Device/HID.o (memcpy)
/usr/lib/gcc/avr/7.3.0/../../../avr/lib/avr35/libc.a(memset.o)
                              LUFA/Drivers/USB/Class/Device/HID.o (memset)
/usr/lib/gcc/avr/7.3.0/../../../avr/lib/avr35/libatmega8u2.a(eerd_byte.o)
                              LUFA/Drivers/USB/LowLevel/Endpoint.o (eeprom_read_byte)
/usr/lib/gcc/avr/7.3.0/../../../avr/lib/avr35/libatmega8u2.a(eeupd_byte.o)
                              LUFA/Drivers/USB/LowLevel/Endpoint.o (eeprom_update_byte)

Allocating common symbols
Common symbol       size              file

USB_IsInitialized   0x1               LUFA/Drivers/USB/HighLevel/USBTask.o
PrevKeyboardHIDReportBuffer
                    0x8               Arduino-keyboard.o
USB_ControlRequest  0x8               LUFA/Drivers/USB/HighLevel/USBTask.o
USB_ConfigurationNumber
                    0x1               LUFA/Drivers/USB/HighLevel/DeviceStandardReq.o
USARTtoUSB_Buffer   0x85              Arduino-keyboard.o

Discarded input sections

 .data          0x0000000000000000        0x0 /usr/lib/gcc/avr/7.3.0/../../../avr/lib/avr35/crtatmega8u2.o
 .bss           0x0000000000000000        0x0 /usr/lib/gcc/avr/7.3.0/../../../avr/lib/avr35/crtatmega8u2.o
 .text          0x0000000000000000        0x0 Arduino-keyboard.o
 .text          0x0000000000000000        0x0 Descriptors.o
 .data          0x0000000000000000        0x0 Descriptors.o
 .bss           0x0000000000000000        0x0 Descriptors.o
 .text          0x0000000000000000        0x0 LUFA/Drivers/USB/LowLevel/Device.o
 .data          0x0000000000000000        0x0 LUFA/Drivers/USB/LowLevel/Device.o
 .bss           0x0000000000000000        0x0 LUFA/Drivers/USB/LowLevel/Device.o
 .text.USB_Device_SendRemoteWakeup
                0x0000000000000000       0x2e LUFA/Drivers/USB/LowLevel/Device.o
 .debug_info    0x0000000000000000      0x160 LUFA/Drivers/USB/LowLevel/Device.o
 .debug_abbrev  0x0000000000000000       0xb6 LUFA/Drivers/USB/LowLevel/Device.o
 .debug_aranges
                0x0000000000000000       0x20 LUFA/Drivers/USB/LowLevel/Device.o
 .debug_ranges  0x0000000000000000       0x10 LUFA/Drivers/USB/LowLevel/Device.o
 .debug_line    0x0000000000000000      0x121 LUFA/Drivers/USB/LowLevel/Device.o
 .debug_str     0x0000000000000000      0x299 LUFA/Drivers/USB/LowLevel/Device.o
 .comment       0x0000000000000000       0x12 LUFA/Drivers/USB/LowLevel/Device.o
 .debug_frame   0x0000000000000000       0x24 LUFA/Drivers/USB/LowLevel/Device.o
 .text          0x0000000000000000        0x0 LUFA/Drivers/USB/LowLevel/Endpoint.o
 .data          0x0000000000000000        0x0 LUFA/Drivers/USB/LowLevel/Endpoint.o
 .bss           0x0000000000000000        0x0 LUFA/Drivers/USB/LowLevel/Endpoint.o
 .text.Endpoint_Discard_Stream
                0x0000000000000000       0x64 LUFA/Drivers/USB/LowLevel/Endpoint.o
 .text.Endpoint_Write_PStream_LE
                0x0000000000000000       0x7a LUFA/Drivers/USB/LowLevel/Endpoint.o
 .text.Endpoint_Write_EStream_LE
                0x0000000000000000       0x86 LUFA/Drivers/USB/LowLevel/Endpoint.o
 .text.Endpoint_Write_Stream_BE
                0x0000000000000000       0x7e LUFA/Drivers/USB/LowLevel/Endpoint.o
 .text.Endpoint_Write_EStream_BE
                0x0000000000000000       0x92 LUFA/Drivers/USB/LowLevel/Endpoint.o
 .text.Endpoint_Write_PStream_BE
                0x0000000000000000       0x84 LUFA/Drivers/USB/LowLevel/Endpoint.o
 .text.Endpoint_Read_Stream_LE
                0x0000000000000000       0x78 LUFA/Drivers/USB/LowLevel/Endpoint.o
 .text.Endpoint_Read_EStream_LE
                0x0000000000000000       0x86 LUFA/Drivers/USB/LowLevel/Endpoint.o
 .text.Endpoint_Read_Stream_BE
                0x0000000000000000       0x7e LUFA/Drivers/USB/LowLevel/Endpoint.o
 .text.Endpoint_Read_EStream_BE
                0x0000000000000000       0x92 LUFA/Drivers/USB/LowLevel/Endpoint.o
 .text.Endpoint_Write_Control_EStream_LE
                0x0000000000000000       0xc6 LUFA/Drivers/USB/LowLevel/Endpoint.o
 .text.Endpoint_Write_Control_Stream_BE
                0x0000000000000000       0xb4 LUFA/Drivers/USB/LowLevel/Endpoint.o
 .text.Endpoint_Write_Control_PStream_BE
                0x0000000000000000       0xb6 LUFA/Drivers/USB/LowLevel/Endpoint.o
 .text.Endpoint_Write_Control_EStream_BE
                0x0000000000000000       0xd4 LUFA/Drivers/USB/LowLevel/Endpoint.o
 .text.Endpoint_Read_Control_EStream_LE
                0x0000000000000000       0x92 LUFA/Drivers/USB/LowLevel/Endpoint.o
 .text.Endpoint_Read_Control_Stream_BE
                0x0000000000000000       0x7a LUFA/Drivers/USB/LowLevel/Endpoint.o
 .text.Endpoint_Read_Control_EStream_BE
                0x0000000000000000       0x9c LUFA/Drivers/USB/LowLevel/Endpoint.o
 .text          0x0000000000000000        0x0 LUFA/Drivers/USB/LowLevel/Host.o
 .data          0x0000000000000000        0x0 LUFA/Drivers/USB/LowLevel/Host.o
 .bss           0x0000000000000000        0x0 LUFA/Drivers/USB/LowLevel/Host.o
 .debug_line    0x0000000000000000        0x0 LUFA/Drivers/USB/LowLevel/Host.o
 .debug_str     0x0000000000000000      0x152 LUFA/Drivers/USB/LowLevel/Host.o
 .comment       0x0000000000000000       0x12 LUFA/Drivers/USB/LowLevel/Host.o
 .text          0x0000000000000000        0x0 LUFA/Drivers/USB/LowLevel/Pipe.o
 .data          0x0000000000000000        0x0 LUFA/Drivers/USB/LowLevel/Pipe.o
 .bss           0x0000000000000000        0x0 LUFA/Drivers/USB/LowLevel/Pipe.o
 .debug_line    0x0000000000000000        0x0 LUFA/Drivers/USB/LowLevel/Pipe.o
 .debug_str     0x0000000000000000      0x152 LUFA/Drivers/USB/LowLevel/Pipe.o
 .comment       0x0000000000000000       0x12 LUFA/Drivers/USB/LowLevel/Pipe.o
 .text          0x0000000000000000        0x0 LUFA/Drivers/USB/LowLevel/USBController.o
 .data          0x0000000000000000        0x0 LUFA/Drivers/USB/LowLevel/USBController.o
 .bss           0x0000000000000000        0x0 LUFA/Drivers/USB/LowLevel/USBController.o
 .text.USB_ShutDown
                0x0000000000000000       0x32 LUFA/Drivers/USB/LowLevel/USBController.o
 .text          0x0000000000000000        0x0 LUFA/Drivers/USB/LowLevel/USBInterrupt.o
 .data          0x0000000000000000        0x0 LUFA/Drivers/USB/LowLevel/USBInterrupt.o
 .bss           0x0000000000000000        0x0 LUFA/Drivers/USB/LowLevel/USBInterrupt.o
 .text          0x0000000000000000        0x0 LUFA/Drivers/USB/HighLevel/ConfigDescriptor.o
 .data          0x0000000000000000        0x0 LUFA/Drivers/USB/HighLevel/ConfigDescriptor.o
 .bss           0x0000000000000000        0x0 LUFA/Drivers/USB/HighLevel/ConfigDescriptor.o
 .text.USB_GetNextDescriptorOfType
                0x0000000000000000       0x42 LUFA/Drivers/USB/HighLevel/ConfigDescriptor.o
 .text.USB_GetNextDescriptorOfTypeBefore
                0x0000000000000000       0x46 LUFA/Drivers/USB/HighLevel/ConfigDescriptor.o
 .text.USB_GetNextDescriptorOfTypeAfter
                0x0000000000000000       0x3e LUFA/Drivers/USB/HighLevel/ConfigDescriptor.o
 .text.USB_GetNextDescriptorComp
                0x0000000000000000       0x7c LUFA/Drivers/USB/HighLevel/ConfigDescriptor.o
 .debug_info    0x0000000000000000      0x46b LUFA/Drivers/USB/HighLevel/ConfigDescriptor.o
 .debug_abbrev  0x0000000000000000      0x1ac LUFA/Drivers/USB/HighLevel/ConfigDescriptor.o
 .debug_loc     0x0000000000000000      0x4d7 LUFA/Drivers/USB/HighLevel/ConfigDescriptor.o
 .debug_aranges
                0x0000000000000000       0x38 LUFA/Drivers/USB/HighLevel/ConfigDescriptor.o
 .debug_ranges  0x0000000000000000       0x28 LUFA/Drivers/USB/HighLevel/ConfigDescriptor.o
 .debug_line    0x0000000000000000      0x212 LUFA/Drivers/USB/HighLevel/ConfigDescriptor.o
 .debug_str     0x0000000000000000      0x47e LUFA/Drivers/USB/HighLevel/ConfigDescriptor.o
 .comment       0x0000000000000000       0x12 LUFA/Drivers/USB/HighLevel/ConfigDescriptor.o
 .debug_frame   0x0000000000000000       0xc8 LUFA/Drivers/USB/HighLevel/ConfigDescriptor.o
 .text          0x0000000000000000        0x0 LUFA/Drivers/USB/HighLevel/DeviceStandardReq.o
 .data          0x0000000000000000        0x0 LUFA/Drivers/USB/HighLevel/DeviceStandardReq.o
 .bss           0x0000000000000000        0x0 LUFA/Drivers/USB/HighLevel/DeviceStandardReq.o
 .avr.prop      0x0000000000000000       0x16 LUFA/Drivers/USB/HighLevel/DeviceStandardReq.o
 .text          0x0000000000000000        0x0 LUFA/Drivers/USB/HighLevel/Events.o
 .data          0x0000000000000000        0x0 LUFA/Drivers/USB/HighLevel/Events.o
 .bss           0x0000000000000000        0x0 LUFA/Drivers/USB/HighLevel/Events.o
 .text          0x0000000000000000        0x0 LUFA/Drivers/USB/HighLevel/HostStandardReq.o
 .data          0x0000000000000000        0x0 LUFA/Drivers/USB/HighLevel/HostStandardReq.o
 .bss           0x0000000000000000        0x0 LUFA/Drivers/USB/HighLevel/HostStandardReq.o
 .debug_line    0x0000000000000000        0x0 LUFA/Drivers/USB/HighLevel/HostStandardReq.o
 .debug_str     0x0000000000000000      0x15e LUFA/Drivers/USB/HighLevel/HostStandardReq.o
 .comment       0x0000000000000000       0x12 LUFA/Drivers/USB/HighLevel/HostStandardReq.o
 .text          0x0000000000000000        0x0 LUFA/Drivers/USB/HighLevel/USBTask.o
 .data          0x0000000000000000        0x0 LUFA/Drivers/USB/HighLevel/USBTask.o
 .bss           0x0000000000000000        0x0 LUFA/Drivers/USB/HighLevel/USBTask.o
 .text          0x0000000000000000        0x0 LUFA/Drivers/USB/Class/Host/HIDParser.o
 .data          0x0000000000000000        0x0 LUFA/Drivers/USB/Class/Host/HIDParser.o
 .bss           0x0000000000000000        0x0 LUFA/Drivers/USB/Class/Host/HIDParser.o
 .debug_line    0x0000000000000000        0x0 LUFA/Drivers/USB/Class/Host/HIDParser.o
 .debug_str     0x0000000000000000      0x159 LUFA/Drivers/USB/Class/Host/HIDParser.o
 .comment       0x0000000000000000       0x12 LUFA/Drivers/USB/Class/Host/HIDParser.o
 .text          0x0000000000000000        0x0 LUFA/Drivers/USB/Class/Device/Audio.o
 .data          0x0000000000000000        0x0 LUFA/Drivers/USB/Class/Device/Audio.o
 .bss           0x0000000000000000        0x0 LUFA/Drivers/USB/Class/Device/Audio.o
 .text.Audio_Device_ProcessControlRequest
                0x0000000000000000       0x46 LUFA/Drivers/USB/Class/Device/Audio.o
 .text.Audio_Device_ConfigureEndpoints
                0x0000000000000000       0x52 LUFA/Drivers/USB/Class/Device/Audio.o
 .debug_info    0x0000000000000000      0x457 LUFA/Drivers/USB/Class/Device/Audio.o
 .debug_abbrev  0x0000000000000000      0x1b3 LUFA/Drivers/USB/Class/Device/Audio.o
 .debug_loc     0x0000000000000000      0x1b3 LUFA/Drivers/USB/Class/Device/Audio.o
 .debug_aranges
                0x0000000000000000       0x28 LUFA/Drivers/USB/Class/Device/Audio.o
 .debug_ranges  0x0000000000000000       0x30 LUFA/Drivers/USB/Class/Device/Audio.o
 .debug_line    0x0000000000000000      0x220 LUFA/Drivers/USB/Class/Device/Audio.o
 .debug_str     0x0000000000000000      0x542 LUFA/Drivers/USB/Class/Device/Audio.o
 .comment       0x0000000000000000       0x12 LUFA/Drivers/USB/Class/Device/Audio.o
 .debug_frame   0x0000000000000000       0x48 LUFA/Drivers/USB/Class/Device/Audio.o
 .text          0x0000000000000000        0x0 LUFA/Drivers/USB/Class/Device/CDC.o
 .data          0x0000000000000000        0x0 LUFA/Drivers/USB/Class/Device/CDC.o
 .bss           0x0000000000000000        0x0 LUFA/Drivers/USB/Class/Device/CDC.o
 .text.CDC_Device_Event_Stub
                0x0000000000000000        0x2 LUFA/Drivers/USB/Class/Device/CDC.o
 .text.CDC_Device_ProcessControlRequest
                0x0000000000000000       0xd8 LUFA/Drivers/USB/Class/Device/CDC.o
 .text.CDC_Device_ConfigureEndpoints
                0x0000000000000000       0x94 LUFA/Drivers/USB/Class/Device/CDC.o
 .text.CDC_Device_SendString
                0x0000000000000000       0x3a LUFA/Drivers/USB/Class/Device/CDC.o
 .text.CDC_Device_SendByte
                0x0000000000000000       0x54 LUFA/Drivers/USB/Class/Device/CDC.o
 .text.CDC_Device_putchar
                0x0000000000000000       0x22 LUFA/Drivers/USB/Class/Device/CDC.o
 .text.CDC_Device_Flush
                0x0000000000000000       0x54 LUFA/Drivers/USB/Class/Device/CDC.o
 .text.CDC_Device_USBTask
                0x0000000000000000       0x1e LUFA/Drivers/USB/Class/Device/CDC.o
 .text.CDC_Device_BytesReceived
                0x0000000000000000       0x48 LUFA/Drivers/USB/Class/Device/CDC.o
 .text.CDC_Device_ReceiveByte
                0x0000000000000000       0x54 LUFA/Drivers/USB/Class/Device/CDC.o
 .text.CDC_Device_getchar
                0x0000000000000000       0x14 LUFA/Drivers/USB/Class/Device/CDC.o
 .text.CDC_Device_getchar_Blocking
                0x0000000000000000       0x32 LUFA/Drivers/USB/Class/Device/CDC.o
 .rodata        0x0000000000000000        0x8 LUFA/Drivers/USB/Class/Device/CDC.o
 .text.CDC_Device_SendControlLineStateChange
                0x0000000000000000       0x8a LUFA/Drivers/USB/Class/Device/CDC.o
 .text.CDC_Device_CreateStream
                0x0000000000000000       0x26 LUFA/Drivers/USB/Class/Device/CDC.o
 .text.CDC_Device_CreateBlockingStream
                0x0000000000000000       0x26 LUFA/Drivers/USB/Class/Device/CDC.o
 .debug_info    0x0000000000000000      0xdfd LUFA/Drivers/USB/Class/Device/CDC.o
 .debug_abbrev  0x0000000000000000      0x39d LUFA/Drivers/USB/Class/Device/CDC.o
 .debug_loc     0x0000000000000000      0x85a LUFA/Drivers/USB/Class/Device/CDC.o
 .debug_aranges
                0x0000000000000000       0x90 LUFA/Drivers/USB/Class/Device/CDC.o
 .debug_ranges  0x0000000000000000       0xb0 LUFA/Drivers/USB/Class/Device/CDC.o
 .debug_line    0x0000000000000000      0x6ae LUFA/Drivers/USB/Class/Device/CDC.o
 .debug_str     0x0000000000000000      0xa6c LUFA/Drivers/USB/Class/Device/CDC.o
 .comment       0x0000000000000000       0x12 LUFA/Drivers/USB/Class/Device/CDC.o
 .debug_frame   0x0000000000000000      0x174 LUFA/Drivers/USB/Class/Device/CDC.o
 .text          0x0000000000000000        0x0 LUFA/Drivers/USB/Class/Device/HID.o
 .data          0x0000000000000000        0x0 LUFA/Drivers/USB/Class/Device/HID.o
 .bss           0x0000000000000000        0x0 LUFA/Drivers/USB/Class/Device/HID.o
 .text          0x0000000000000000        0x0 LUFA/Drivers/USB/Class/Device/MassStorage.o
 .data          0x0000000000000000        0x0 LUFA/Drivers/USB/Class/Device/MassStorage.o
 .bss           0x0000000000000000        0x2 LUFA/Drivers/USB/Class/Device/MassStorage.o
 .text.StreamCallback_MS_Device_AbortOnMassStoreReset
                0x0000000000000000       0x10 LUFA/Drivers/USB/Class/Device/MassStorage.o
 .text.MS_Device_ProcessControlRequest
                0x0000000000000000       0x68 LUFA/Drivers/USB/Class/Device/MassStorage.o
 .text.MS_Device_ConfigureEndpoints
                0x0000000000000000       0x70 LUFA/Drivers/USB/Class/Device/MassStorage.o
 .text.MS_Device_USBTask
                0x0000000000000000      0x1de LUFA/Drivers/USB/Class/Device/MassStorage.o
 .debug_info    0x0000000000000000      0xa0c LUFA/Drivers/USB/Class/Device/MassStorage.o
 .debug_abbrev  0x0000000000000000      0x2a5 LUFA/Drivers/USB/Class/Device/MassStorage.o
 .debug_loc     0x0000000000000000      0x35a LUFA/Drivers/USB/Class/Device/MassStorage.o
 .debug_aranges
                0x0000000000000000       0x38 LUFA/Drivers/USB/Class/Device/MassStorage.o
 .debug_ranges  0x0000000000000000       0x58 LUFA/Drivers/USB/Class/Device/MassStorage.o
 .debug_line    0x0000000000000000      0x4e1 LUFA/Drivers/USB/Class/Device/MassStorage.o
 .debug_str     0x0000000000000000      0x879 LUFA/Drivers/USB/Class/Device/MassStorage.o
 .comment       0x0000000000000000       0x12 LUFA/Drivers/USB/Class/Device/MassStorage.o
 .debug_frame   0x0000000000000000       0x84 LUFA/Drivers/USB/Class/Device/MassStorage.o
 .text          0x0000000000000000        0x0 LUFA/Drivers/USB/Class/Device/MIDI.o
 .data          0x0000000000000000        0x0 LUFA/Drivers/USB/Class/Device/MIDI.o
 .bss           0x0000000000000000        0x0 LUFA/Drivers/USB/Class/Device/MIDI.o
 .text.MIDI_Device_ConfigureEndpoints
                0x0000000000000000       0x6a LUFA/Drivers/USB/Class/Device/MIDI.o
 .text.MIDI_Device_SendEventPacket
                0x0000000000000000       0x44 LUFA/Drivers/USB/Class/Device/MIDI.o
 .text.MIDI_Device_Flush
                0x0000000000000000       0x2c LUFA/Drivers/USB/Class/Device/MIDI.o
 .text.MIDI_Device_ReceiveEventPacket
                0x0000000000000000       0x3e LUFA/Drivers/USB/Class/Device/MIDI.o
 .debug_info    0x0000000000000000      0x70b LUFA/Drivers/USB/Class/Device/MIDI.o
 .debug_abbrev  0x0000000000000000      0x220 LUFA/Drivers/USB/Class/Device/MIDI.o
 .debug_loc     0x0000000000000000      0x3a2 LUFA/Drivers/USB/Class/Device/MIDI.o
 .debug_aranges
                0x0000000000000000       0x38 LUFA/Drivers/USB/Class/Device/MIDI.o
 .debug_ranges  0x0000000000000000       0x40 LUFA/Drivers/USB/Class/Device/MIDI.o
 .debug_line    0x0000000000000000      0x361 LUFA/Drivers/USB/Class/Device/MIDI.o
 .debug_str     0x0000000000000000      0x7be LUFA/Drivers/USB/Class/Device/MIDI.o
 .comment       0x0000000000000000       0x12 LUFA/Drivers/USB/Class/Device/MIDI.o
 .debug_frame   0x0000000000000000       0x6c LUFA/Drivers/USB/Class/Device/MIDI.o
 .text          0x0000000000000000        0x0 LUFA/Drivers/USB/Class/Device/RNDIS.o
 .data          0x0000000000000000        0x0 LUFA/Drivers/USB/Class/Device/RNDIS.o
 .bss           0x0000000000000000        0x0 LUFA/Drivers/USB/Class/Device/RNDIS.o
 .text.RNDIS_Device_ProcessControlRequest
                0x0000000000000000      0x4ca LUFA/Drivers/USB/Class/Device/RNDIS.o
 .text.RNDIS_Device_ConfigureEndpoints
                0x0000000000000000       0x9a LUFA/Drivers/USB/Class/Device/RNDIS.o
 .rodata        0x0000000000000000        0x8 LUFA/Drivers/USB/Class/Device/RNDIS.o
 .text.RNDIS_Device_USBTask
                0x0000000000000000      0x1d6 LUFA/Drivers/USB/Class/Device/RNDIS.o
 .progmem.data  0x0000000000000000       0x6c LUFA/Drivers/USB/Class/Device/RNDIS.o
 .debug_info    0x0000000000000000     0x1118 LUFA/Drivers/USB/Class/Device/RNDIS.o
 .debug_abbrev  0x0000000000000000      0x30e LUFA/Drivers/USB/Class/Device/RNDIS.o
 .debug_loc     0x0000000000000000      0xcf8 LUFA/Drivers/USB/Class/Device/RNDIS.o
 .debug_aranges
                0x0000000000000000       0x30 LUFA/Drivers/USB/Class/Device/RNDIS.o
 .debug_ranges  0x0000000000000000       0xa0 LUFA/Drivers/USB/Class/Device/RNDIS.o
 .debug_line    0x0000000000000000      0x638 LUFA/Drivers/USB/Class/Device/RNDIS.o
 .debug_str     0x0000000000000000      0xc6f LUFA/Drivers/USB/Class/Device/RNDIS.o
 .comment       0x0000000000000000       0x12 LUFA/Drivers/USB/Class/Device/RNDIS.o
 .debug_frame   0x0000000000000000       0xa0 LUFA/Drivers/USB/Class/Device/RNDIS.o
 .text          0x0000000000000000        0x0 LUFA/Drivers/USB/Class/Host/CDC.o
 .data          0x0000000000000000        0x0 LUFA/Drivers/USB/Class/Host/CDC.o
 .bss           0x0000000000000000        0x0 LUFA/Drivers/USB/Class/Host/CDC.o
 .debug_line    0x0000000000000000        0x0 LUFA/Drivers/USB/Class/Host/CDC.o
 .debug_str     0x0000000000000000      0x153 LUFA/Drivers/USB/Class/Host/CDC.o
 .comment       0x0000000000000000       0x12 LUFA/Drivers/USB/Class/Host/CDC.o
 .text          0x0000000000000000        0x0 LUFA/Drivers/USB/Class/Host/HID.o
 .data          0x0000000000000000        0x0 LUFA/Drivers/USB/Class/Host/HID.o
 .bss           0x0000000000000000        0x0 LUFA/Drivers/USB/Class/Host/HID.o
 .debug_line    0x0000000000000000        0x0 LUFA/Drivers/USB/Class/Host/HID.o
 .debug_str     0x0000000000000000      0x153 LUFA/Drivers/USB/Class/Host/HID.o
 .comment       0x0000000000000000       0x12 LUFA/Drivers/USB/Class/Host/HID.o
 .text          0x0000000000000000        0x0 LUFA/Drivers/USB/Class/Host/MassStorage.o
 .data          0x0000000000000000        0x0 LUFA/Drivers/USB/Class/Host/MassStorage.o
 .bss           0x0000000000000000        0x0 LUFA/Drivers/USB/Class/Host/MassStorage.o
 .debug_line    0x0000000000000000        0x0 LUFA/Drivers/USB/Class/Host/MassStorage.o
 .debug_str     0x0000000000000000      0x15b LUFA/Drivers/USB/Class/Host/MassStorage.o
 .comment       0x0000000000000000       0x12 LUFA/Drivers/USB/Class/Host/MassStorage.o
 .text          0x0000000000000000        0x0 LUFA/Drivers/USB/Class/Host/MIDI.o
 .data          0x0000000000000000        0x0 LUFA/Drivers/USB/Class/Host/MIDI.o
 .bss           0x0000000000000000        0x0 LUFA/Drivers/USB/Class/Host/MIDI.o
 .debug_line    0x0000000000000000        0x0 LUFA/Drivers/USB/Class/Host/MIDI.o
 .debug_str     0x0000000000000000      0x154 LUFA/Drivers/USB/Class/Host/MIDI.o
 .comment       0x0000000000000000       0x12 LUFA/Drivers/USB/Class/Host/MIDI.o
 .text          0x0000000000000000        0x0 LUFA/Drivers/USB/Class/Host/Printer.o
 .data          0x0000000000000000        0x0 LUFA/Drivers/USB/Class/Host/Printer.o
 .bss           0x0000000000000000        0x0 LUFA/Drivers/USB/Class/Host/Printer.o
 .debug_line    0x0000000000000000        0x0 LUFA/Drivers/USB/Class/Host/Printer.o
 .debug_str     0x0000000000000000      0x157 LUFA/Drivers/USB/Class/Host/Printer.o
 .comment       0x0000000000000000       0x12 LUFA/Drivers/USB/Class/Host/Printer.o
 .text          0x0000000000000000        0x0 LUFA/Drivers/USB/Class/Host/RNDIS.o
 .data          0x0000000000000000        0x0 LUFA/Drivers/USB/Class/Host/RNDIS.o
 .bss           0x0000000000000000        0x0 LUFA/Drivers/USB/Class/Host/RNDIS.o
 .debug_line    0x0000000000000000        0x0 LUFA/Drivers/USB/Class/Host/RNDIS.o
 .debug_str     0x0000000000000000      0x155 LUFA/Drivers/USB/Class/Host/RNDIS.o
 .comment       0x0000000000000000       0x12 LUFA/Drivers/USB/Class/Host/RNDIS.o
 .text          0x0000000000000000        0x0 LUFA/Drivers/USB/Class/Host/StillImage.o
 .data          0x0000000000000000        0x0 LUFA/Drivers/USB/Class/Host/StillImage.o
 .bss           0x0000000000000000        0x0 LUFA/Drivers/USB/Class/Host/StillImage.o
 .debug_line    0x0000000000000000        0x0 LUFA/Drivers/USB/Class/Host/StillImage.o
 .debug_str     0x0000000000000000      0x15a LUFA/Drivers/USB/Class/Host/StillImage.o
 .comment       0x0000000000000000       0x12 LUFA/Drivers/USB/Class/Host/StillImage.o
 .text          0x0000000000000000        0x0 /usr/lib/gcc/avr/7.3.0/avr35/libgcc.a(_exit.o)
 .data          0x0000000000000000        0x0 /usr/lib/gcc/avr/7.3.0/avr35/libgcc.a(_exit.o)
 .bss           0x0000000000000000        0x0 /usr/lib/gcc/avr/7.3.0/avr35/libgcc.a(_exit.o)
 .text.libgcc.mul
                0x0000000000000000        0x0 /usr/lib/gcc/avr/7.3.0/avr35/libgcc.a(_exit.o)
 .text.libgcc.div
                0x0000000000000000        0x0 /usr/lib/gcc/avr/7.3.0/avr35/libgcc.a(_exit.o)
 .text.libgcc   0x0000000000000000        0x0 /usr/lib/gcc/avr/7.3.0/avr35/libgcc.a(_exit.o)
 .text.libgcc.prologue
                0x0000000000000000        0x0 /usr/lib/gcc/avr/7.3.0/avr35/libgcc.a(_exit.o)
 .text.libgcc.builtins
                0x0000000000000000        0x0 /usr/lib/gcc/avr/7.3.0/avr35/libgcc.a(_exit.o)
 .text.libgcc.fmul
                0x0000000000000000        0x0 /usr/lib/gcc/avr/7.3.0/avr35/libgcc.a(_exit.o)
 .text.libgcc.fixed
                0x0000000000000000        0x0 /usr/lib/gcc/avr/7.3.0/avr35/libgcc.a(_exit.o)
 .text          0x0000000000000000        0x0 /usr/lib/gcc/avr/7.3.0/avr35/libgcc.a(_tablejump2.o)
 .data          0x0000000000000000        0x0 /usr/lib/gcc/avr/7.3.0/avr35/libgcc.a(_tablejump2.o)
 .bss           0x0000000000000000        0x0 /usr/lib/gcc/avr/7.3.0/avr35/libgcc.a(_tablejump2.o)
 .text.libgcc.mul
                0x0000000000000000        0x0 /usr/lib/gcc/avr/7.3.0/avr35/libgcc.a(_tablejump2.o)
 .text.libgcc.div
                0x0000000000000000        0x0 /usr/lib/gcc/avr/7.3.0/avr35/libgcc.a(_tablejump2.o)
 .text.libgcc.prologue
                0x0000000000000000        0x0 /usr/lib/gcc/avr/7.3.0/avr35/libgcc.a(_tablejump2.o)
 .text.libgcc.builtins
                0x0000000000000000        0x0 /usr/lib/gcc/avr/7.3.0/avr35/libgcc.a(_tablejump2.o)
 .text.libgcc.fmul
                0x0000000000000000        0x0 /usr/lib/gcc/avr/7.3.0/avr35/libgcc.a(_tablejump2.o)
 .text.libgcc.fixed
                0x0000000000000000        0x0 /usr/lib/gcc/avr/7.3.0/avr35/libgcc.a(_tablejump2.o)
 .text          0x0000000000000000        0x0 /usr/lib/gcc/avr/7.3.0/avr35/libgcc.a(_copy_data.o)
 .data          0x0000000000000000        0x0 /usr/lib/gcc/avr/7.3.0/avr35/libgcc.a(_copy_data.o)
 .bss           0x0000000000000000        0x0 /usr/lib/gcc/avr/7.3.0/avr35/libgcc.a(_copy_data.o)
 .text.libgcc.mul
                0x0000000000000000        0x0 /usr/lib/gcc/avr/7.3.0/avr35/libgcc.a(_copy_data.o)
 .text.libgcc.div
                0x0000000000000000        0x0 /usr/lib/gcc/avr/7.3.0/avr35/libgcc.a(_copy_data.o)
 .text.libgcc   0x0000000000000000        0x0 /usr/lib/gcc/avr/7.3.0/avr35/libgcc.a(_copy_data.o)
 .text.libgcc.prologue
                0x0000000000000000        0x0 /usr/lib/gcc/avr/7.3.0/avr35/libgcc.a(_copy_data.o)
 .text.libgcc.builtins
                0x0000000000000000        0x0 /usr/lib/gcc/avr/7.3.0/avr35/libgcc.a(_copy_data.o)
 .text.libgcc.fmul
                0x0000000000000000        0x0 /usr/lib/gcc/avr/7.3.0/avr35/libgcc.a(_copy_data.o)
 .text.libgcc.fixed
                0x0000000000000000        0x0 /usr/lib/gcc/avr/7.3.0/avr35/libgcc.a(_copy_data.o)
 .text          0x0000000000000000        0x0 /usr/lib/gcc/avr/7.3.0/avr35/libgcc.a(_clear_bss.o)
 .data          0x0000000000000000        0x0 /usr/lib/gcc/avr/7.3.0/avr35/libgcc.a(_clear_bss.o)
 .bss           0x0000000000000000        0x0 /usr/lib/gcc/avr/7.3.0/avr35/libgcc.a(_clear_bss.o)
 .text.libgcc.mul
                0x0000000000000000        0x0 /usr/lib/gcc/avr/7.3.0/avr35/libgcc.a(_clear_bss.o)
 .text.libgcc.div
                0x0000000000000000        0x0 /usr/lib/gcc/avr/7.3.0/avr35/libgcc.a(_clear_bss.o)
 .text.libgcc   0x0000000000000000        0x0 /usr/lib/gcc/avr/7.3.0/avr35/libgcc.a(_clear_bss.o)
 .text.libgcc.prologue
                0x0000000000000000        0x0 /usr/lib/gcc/avr/7.3.0/avr35/libgcc.a(_clear_bss.o)
 .text.libgcc.builtins
                0x0000000000000000        0x0 /usr/lib/gcc/avr/7.3.0/avr35/libgcc.a(_clear_bss.o)
 .text.libgcc.fmul
                0x0000000000000000        0x0 /usr/lib/gcc/avr/7.3.0/avr35/libgcc.a(_clear_bss.o)
 .text.libgcc.fixed
                0x0000000000000000        0x0 /usr/lib/gcc/avr/7.3.0/avr35/libgcc.a(_clear_bss.o)
 .text          0x0000000000000000        0x0 /usr/lib/gcc/avr/7.3.0/../../../avr/lib/avr35/libc.a(memcpy_P.o)
 .data          0x0000000000000000        0x0 /usr/lib/gcc/avr/7.3.0/../../../avr/lib/avr35/libc.a(memcpy_P.o)
 .bss           0x0000000000000000        0x0 /usr/lib/gcc/avr/7.3.0/../../../avr/lib/avr35/libc.a(memcpy_P.o)
 .text.avr-libc
                0x0000000000000000       0x12 /usr/lib/gcc/avr/7.3.0/../../../avr/lib/avr35/libc.a(memcpy_P.o)
 .text          0x0000000000000000        0x0 /usr/lib/gcc/avr/7.3.0/../../../avr/lib/avr35/libc.a(memcmp.o)
 .data          0x0000000000000000        0x0 /usr/lib/gcc/avr/7.3.0/../../../avr/lib/avr35/libc.a(memcmp.o)
 .bss           0x0000000000000000        0x0 /usr/lib/gcc/avr/7.3.0/../../../avr/lib/avr35/libc.a(memcmp.o)
 .text          0x0000000000000000        0x0 /usr/lib/gcc/avr/7.3.0/../../../avr/lib/avr35/libc.a(memcpy.o)
 .data          0x0000000000000000        0x0 /usr/lib/gcc/avr/7.3.0/../../../avr/lib/avr35/libc.a(memcpy.o)
 .bss           0x0000000000000000        0x0 /usr/lib/gcc/avr/7.3.0/../../../avr/lib/avr35/libc.a(memcpy.o)
 .text          0x0000000000000000        0x0 /usr/lib/gcc/avr/7.3.0/../../../avr/lib/avr35/libc.a(memset.o)
 .data          0x0000000000000000        0x0 /usr/lib/gcc/avr/7.3.0/../../../avr/lib/avr35/libc.a(memset.o)
 .bss           0x0000000000000000        0x0 /usr/lib/gcc/avr/7.3.0/../../../avr/lib/avr35/libc.a(memset.o)
 .text          0x0000000000000000        0x0 /usr/lib/gcc/avr/7.3.0/../../../avr/lib/avr35/libatmega8u2.a(eerd_byte.o)
 .data          0x0000000000000000        0x0 /usr/lib/gcc/avr/7.3.0/../../../avr/lib/avr35/libatmega8u2.a(eerd_byte.o)
 .bss           0x0000000000000000        0x0 /usr/lib/gcc/avr/7.3.0/../../../avr/lib/avr35/libatmega8u2.a(eerd_byte.o)
 .text.avr-libc
                0x0000000000000000       0x10 /usr/lib/gcc/avr/7.3.0/../../../avr/lib/avr35/libatmega8u2.a(eerd_byte.o)
 .text          0x0000000000000000        0x0 /usr/lib/gcc/avr/7.3.0/../../../avr/lib/avr35/libatmega8u2.a(eeupd_byte.o)
 .data          0x0000000000000000        0x0 /usr/lib/gcc/avr/7.3.0/../../../avr/lib/avr35/libatmega8u2.a(eeupd_byte.o)
 .bss           0x0000000000000000        0x0 /usr/lib/gcc/avr/7.3.0/../../../avr/lib/avr35/libatmega8u2.a(eeupd_byte.o)
 .text.avr-libc
                0x0000000000000000       0x24 /usr/lib/gcc/avr/7.3.0/../../../avr/lib/avr35/libatmega8u2.a(eeupd_byte.o)

Memory Configuration

Name             Origin             Length             Attributes
text             0x0000000000000000 0x0000000000002000 xr
data             0x0000000000800100 0x0000000000000200 rw !x
eeprom           0x0000000000810000 0x0000000000000200 rw !x
fuse             0x0000000000820000 0x0000000000000003 rw !x
lock             0x0000000000830000 0x0000000000000400 rw !x
signature        0x0000000000840000 0x0000000000000400 rw !x
user_signatures  0x0000000000850000 0x0000000000000400 rw !x
*default*        0x0000000000000000 0xffffffffffffffff

Linker script and memory map

Address of section .data set to 0x800100
LOAD /usr/lib/gcc/avr/7.3.0/../../../avr/lib/avr35/crtatmega8u2.o
LOAD Arduino-keyboard.o
LOAD Descriptors.o
LOAD LUFA/Drivers/USB/LowLevel/Device.o
LOAD LUFA/Drivers/USB/LowLevel/Endpoint.o
LOAD LUFA/Drivers/USB/LowLevel/Host.o
LOAD LUFA/Drivers/USB/LowLevel/Pipe.o
LOAD LUFA/Drivers/USB/LowLevel/USBController.o
LOAD LUFA/Drivers/USB/LowLevel/USBInterrupt.o
LOAD LUFA/Drivers/USB/HighLevel/ConfigDescriptor.o
LOAD LUFA/Drivers/USB/HighLevel/DeviceStandardReq.o
LOAD LUFA/Drivers/USB/HighLevel/Events.o
LOAD LUFA/Drivers/USB/HighLevel/HostStandardReq.o
LOAD LUFA/Drivers/USB/HighLevel/USBTask.o
LOAD LUFA/Drivers/USB/Class/Host/HIDParser.o
LOAD LUFA/Drivers/USB/Class/Device/Audio.o
LOAD LUFA/Drivers/USB/Class/Device/CDC.o
LOAD LUFA/Drivers/USB/Class/Device/HID.o
LOAD LUFA/Drivers/USB/Class/Device/MassStorage.o
LOAD LUFA/Drivers/USB/Class/Device/MIDI.o
LOAD LUFA/Drivers/USB/Class/Device/RNDIS.o
LOAD LUFA/Drivers/USB/Class/Host/CDC.o
LOAD LUFA/Drivers/USB/Class/Host/HID.o
LOAD LUFA/Drivers/USB/Class/Host/MassStorage.o
LOAD LUFA/Drivers/USB/Class/Host/MIDI.o
LOAD LUFA/Drivers/USB/Class/Host/Printer.o
LOAD LUFA/Drivers/USB/Class/Host/RNDIS.o
LOAD LUFA/Drivers/USB/Class/Host/StillImage.o
LOAD /usr/lib/gcc/avr/7.3.0/../../../avr/lib/avr35/libm.a
START GROUP
LOAD /usr/lib/gcc/avr/7.3.0/avr35/libgcc.a
LOAD /usr/lib/gcc/avr/7.3.0/../../../avr/lib/avr35/libm.a
LOAD /usr/lib/gcc/avr/7.3.0/../../../avr/lib/avr35/libc.a
LOAD /usr/lib/gcc/avr/7.3.0/../../../avr/lib/avr35/libatmega8u2.a
END GROUP
                0x0000000000000000                __TEXT_REGION_ORIGIN__ = DEFINED (__TEXT_REGION_ORIGIN__)?__TEXT_REGION_ORIGIN__:0x0
                [0x0000000000800100]                __DATA_REGION_ORIGIN__ = DEFINED (__DATA_REGION_ORIGIN__)?__DATA_REGION_ORIGIN__:0x800060
                [0x0000000000002000]                __TEXT_REGION_LENGTH__ = DEFINED (__TEXT_REGION_LENGTH__)?__TEXT_REGION_LENGTH__:0x10000
                [0x0000000000000200]                __DATA_REGION_LENGTH__ = DEFINED (__DATA_REGION_LENGTH__)?__DATA_REGION_LENGTH__:0xffa0
                [0x0000000000000200]                __EEPROM_REGION_LENGTH__ = DEFINED (__EEPROM_REGION_LENGTH__)?__EEPROM_REGION_LENGTH__:0x10000
                [0x0000000000000003]                __FUSE_REGION_LENGTH__ = DEFINED (__FUSE_REGION_LENGTH__)?__FUSE_REGION_LENGTH__:0x400
                0x0000000000000400                __LOCK_REGION_LENGTH__ = DEFINED (__LOCK_REGION_LENGTH__)?__LOCK_REGION_LENGTH__:0x400
                0x0000000000000400                __SIGNATURE_REGION_LENGTH__ = DEFINED (__SIGNATURE_REGION_LENGTH__)?__SIGNATURE_REGION_LENGTH__:0x400
                0x0000000000000400                __USER_SIGNATURE_REGION_LENGTH__ = DEFINED (__USER_SIGNATURE_REGION_LENGTH__)?__USER_SIGNATURE_REGION_LENGTH__:0x400

.hash
 *(.hash)

.dynsym
 *(.dynsym)

.dynstr
 *(.dynstr)

.gnu.version
 *(.gnu.version)

.gnu.version_d
 *(.gnu.version_d)

.gnu.version_r
 *(.gnu.version_r)

.rel.init
 *(.rel.init)

.rela.init
 *(.rela.init)

.rel.text
 *(.rel.text)
 *(.rel.text.*)
 *(.rel.gnu.linkonce.t*)

.rela.text
 *(.rela.text)
 *(.rela.text.*)
 *(.rela.gnu.linkonce.t*)

.rel.fini
 *(.rel.fini)

.rela.fini
 *(.rela.fini)

.rel.rodata
 *(.rel.rodata)
 *(.rel.rodata.*)
 *(.rel.gnu.linkonce.r*)

.rela.rodata
 *(.rela.rodata)
 *(.rela.rodata.*)
 *(.rela.gnu.linkonce.r*)

.rel.data
 *(.rel.data)
 *(.rel.data.*)
 *(.rel.gnu.linkonce.d*)

.rela.data
 *(.rela.data)
 *(.rela.data.*)
 *(.rela.gnu.linkonce.d*)

.rel.ctors
 *(.rel.ctors)

.rela.ctors
 *(.rela.ctors)

.rel.dtors
 *(.rel.dtors)

.rela.dtors
 *(.rela.dtors)

.rel.got
 *(.rel.got)

.rela.got
 *(.rela.got)

.rel.bss
 *(.rel.bss)

.rela.bss
 *(.rela.bss)

.rel.plt
 *(.rel.plt)

.rela.plt
 *(.rela.plt)

.text           0x0000000000000000     0x1002
 *(.vectors)
 .vectors       0x0000000000000000       0x74 /usr/lib/gcc/avr/7.3.0/../../../avr/lib/avr35/crtatmega8u2.o
                0x0000000000000000                __vectors
                0x0000000000000000                __vector_default
 *(.vectors)
 *(.progmem.gcc*)
                0x0000000000000074                . = ALIGN (0x2)
                0x0000000000000074                __trampolines_start = .
 *(.trampolines)
 .trampolines   0x0000000000000074        0x0 linker stubs
 *(.trampolines*)
                0x0000000000000074                __trampolines_end = .
 *libprintf_flt.a:*(.progmem.data)
 *libc.a:*(.progmem.data)
 *(.progmem*)
 .progmem.data  0x0000000000000074       0xd6 Descriptors.o
                0x0000000000000074                ProductString
                0x0000000000000088                ManufacturerString
                0x000000000000009a                LanguageString
                0x000000000000009e                ConfigurationDescriptor
                0x00000000000000d9                DeviceDescriptor
                0x00000000000000eb                MediaReport
                0x0000000000000108                KeyboardReport
                0x000000000000014a                . = ALIGN (0x2)
 *(.jumptables)
 *(.jumptables*)
 *(.lowtext)
 *(.lowtext*)
                0x000000000000014a                __ctors_start = .
 *(.ctors)
                0x000000000000014a                __ctors_end = .
                0x000000000000014a                __dtors_start = .
 *(.dtors)
                0x000000000000014a                __dtors_end = .
 SORT(*)(.ctors)
 SORT(*)(.dtors)
 *(.init0)
 .init0         0x000000000000014a        0x0 /usr/lib/gcc/avr/7.3.0/../../../avr/lib/avr35/crtatmega8u2.o
                0x000000000000014a                __init
 *(.init0)
 *(.init1)
 *(.init1)
 *(.init2)
 .init2         0x000000000000014a        0xc /usr/lib/gcc/avr/7.3.0/../../../avr/lib/avr35/crtatmega8u2.o
 *(.init2)
 *(.init3)
 *(.init3)
 *(.init4)
 .init4         0x0000000000000156       0x16 /usr/lib/gcc/avr/7.3.0/avr35/libgcc.a(_copy_data.o)
                0x0000000000000156                __do_copy_data
 .init4         0x000000000000016c       0x10 /usr/lib/gcc/avr/7.3.0/avr35/libgcc.a(_clear_bss.o)
                0x000000000000016c                __do_clear_bss
 *(.init4)
 *(.init5)
 *(.init5)
 *(.init6)
 *(.init6)
 *(.init7)
 *(.init7)
 *(.init8)
 *(.init8)
 *(.init9)
 .init9         0x000000000000017c        0x4 /usr/lib/gcc/avr/7.3.0/../../../avr/lib/avr35/crtatmega8u2.o
 *(.init9)
 *(.text)
 .text          0x0000000000000180        0x2 /usr/lib/gcc/avr/7.3.0/../../../avr/lib/avr35/crtatmega8u2.o
                0x0000000000000180                __vector_22
                0x0000000000000180                __vector_28
                0x0000000000000180                __vector_1
                0x0000000000000180                __vector_24
                0x0000000000000180                __vector_12
                0x0000000000000180                __bad_interrupt
                0x0000000000000180                __vector_6
                0x0000000000000180                __vector_3
                0x0000000000000180                __vector_25
                0x0000000000000180                __vector_13
                0x0000000000000180                __vector_17
                0x0000000000000180                __vector_19
                0x0000000000000180                __vector_7
                0x0000000000000180                __vector_27
                0x0000000000000180                __vector_5
                0x0000000000000180                __vector_4
                0x0000000000000180                __vector_9
                0x0000000000000180                __vector_2
                0x0000000000000180                __vector_21
                0x0000000000000180                __vector_15
                0x0000000000000180                __vector_8
                0x0000000000000180                __vector_26
                0x0000000000000180                __vector_14
                0x0000000000000180                __vector_10
                0x0000000000000180                __vector_16
                0x0000000000000180                __vector_18
                0x0000000000000180                __vector_20
                0x0000000000000182                . = ALIGN (0x2)
 *(.text.*)
 .text.SetupHardware
                0x0000000000000182       0xa0 Arduino-keyboard.o
                0x0000000000000182                SetupHardware
 .text.startup.main
                0x0000000000000222       0x28 Arduino-keyboard.o
                0x0000000000000222                main
 .text.EVENT_USB_Device_Connect
                0x000000000000024a        0x2 Arduino-keyboard.o
                0x000000000000024a                EVENT_USB_Device_Connect
 .text.EVENT_USB_Device_Disconnect
                0x000000000000024c        0x2 Arduino-keyboard.o
                0x000000000000024c                EVENT_USB_Device_Disconnect
 .text.EVENT_USB_Device_ConfigurationChanged
                0x000000000000024e       0x1a Arduino-keyboard.o
                0x000000000000024e                EVENT_USB_Device_ConfigurationChanged
 .text.EVENT_USB_Device_UnhandledControlRequest
                0x0000000000000268        0x6 Arduino-keyboard.o
                0x0000000000000268                EVENT_USB_Device_UnhandledControlRequest
 .text.EVENT_USB_Device_StartOfFrame
                0x000000000000026e       0x18 Arduino-keyboard.o
                0x000000000000026e                EVENT_USB_Device_StartOfFrame
 .text.CALLBACK_HID_Device_CreateHIDReport
                0x0000000000000286      0x158 Arduino-keyboard.o
                0x0000000000000286                CALLBACK_HID_Device_CreateHIDReport
 .text.CALLBACK_HID_Device_ProcessHIDReport
                0x00000000000003de        0xa Arduino-keyboard.o
                0x00000000000003de                CALLBACK_HID_Device_ProcessHIDReport
 .text.__vector_23
                0x00000000000003e8       0x72 Arduino-keyboard.o
                0x00000000000003e8                __vector_23
 .text.CALLBACK_USB_GetDescriptor
                0x000000000000045a       0x96 Descriptors.o
                0x000000000000045a                CALLBACK_USB_GetDescriptor
 .text.Endpoint_BytesToEPSizeMaskDynamic
                0x00000000000004f0       0x1c LUFA/Drivers/USB/LowLevel/Endpoint.o
                0x00000000000004f0                Endpoint_BytesToEPSizeMaskDynamic
 .text.Endpoint_ConfigureEndpoint_Prv
                0x000000000000050c       0x26 LUFA/Drivers/USB/LowLevel/Endpoint.o
                0x000000000000050c                Endpoint_ConfigureEndpoint_Prv
 .text.Endpoint_ClearEndpoints
                0x0000000000000532       0x28 LUFA/Drivers/USB/LowLevel/Endpoint.o
                0x0000000000000532                Endpoint_ClearEndpoints
 .text.Endpoint_ClearStatusStage
                0x000000000000055a       0x3a LUFA/Drivers/USB/LowLevel/Endpoint.o
                0x000000000000055a                Endpoint_ClearStatusStage
 .text.Endpoint_WaitUntilReady
                0x0000000000000594       0x58 LUFA/Drivers/USB/LowLevel/Endpoint.o
                0x0000000000000594                Endpoint_WaitUntilReady
 .text.Endpoint_Write_Stream_LE
                0x00000000000005ec       0x74 LUFA/Drivers/USB/LowLevel/Endpoint.o
                0x00000000000005ec                Endpoint_Write_Stream_LE
 .text.Endpoint_Write_Control_Stream_LE
                0x0000000000000660       0xaa LUFA/Drivers/USB/LowLevel/Endpoint.o
                0x0000000000000660                Endpoint_Write_Control_Stream_LE
 .text.Endpoint_Write_Control_PStream_LE
                0x000000000000070a       0xac LUFA/Drivers/USB/LowLevel/Endpoint.o
                0x000000000000070a                Endpoint_Write_Control_PStream_LE
 .text.Endpoint_Read_Control_Stream_LE
                0x00000000000007b6       0x76 LUFA/Drivers/USB/LowLevel/Endpoint.o
                0x00000000000007b6                Endpoint_Read_Control_Stream_LE
 .text.USB_ResetInterface
                0x000000000000082c       0x74 LUFA/Drivers/USB/LowLevel/USBController.o
                0x000000000000082c                USB_ResetInterface
 .text.USB_Init
                0x00000000000008a0        0xa LUFA/Drivers/USB/LowLevel/USBController.o
                0x00000000000008a0                USB_Init
 .text.USB_INT_DisableAllInterrupts
                0x00000000000008aa        0x6 LUFA/Drivers/USB/LowLevel/USBInterrupt.o
                0x00000000000008aa                USB_INT_DisableAllInterrupts
 .text.USB_INT_ClearAllInterrupts
                0x00000000000008b0        0x6 LUFA/Drivers/USB/LowLevel/USBInterrupt.o
                0x00000000000008b0                USB_INT_ClearAllInterrupts
 .text.__vector_11
                0x00000000000008b6      0x144 LUFA/Drivers/USB/LowLevel/USBInterrupt.o
                0x00000000000008b6                __vector_11
 .text.USB_Device_ProcessControlRequest
                0x00000000000009fa      0x1e4 LUFA/Drivers/USB/HighLevel/DeviceStandardReq.o
                0x00000000000009fa                USB_Device_ProcessControlRequest
 .text.USB_Event_Stub
                0x0000000000000bde        0x2 LUFA/Drivers/USB/HighLevel/Events.o
                0x0000000000000bde                EVENT_USB_Device_WakeUp
                0x0000000000000bde                USB_Event_Stub
                0x0000000000000bde                EVENT_USB_Device_Suspend
                0x0000000000000bde                EVENT_USB_Device_Reset
 .text.USB_USBTask
                0x0000000000000be0       0x22 LUFA/Drivers/USB/HighLevel/USBTask.o
                0x0000000000000be0                USB_USBTask
 .text.HID_Device_ProcessControlRequest
                0x0000000000000c02      0x22e LUFA/Drivers/USB/Class/Device/HID.o
                0x0000000000000c02                HID_Device_ProcessControlRequest
 .text.HID_Device_ConfigureEndpoints
                0x0000000000000e30       0x40 LUFA/Drivers/USB/Class/Device/HID.o
                0x0000000000000e30                HID_Device_ConfigureEndpoints
 .text.HID_Device_USBTask
                0x0000000000000e70      0x148 LUFA/Drivers/USB/Class/Device/HID.o
                0x0000000000000e70                HID_Device_USBTask
 .text.libgcc   0x0000000000000fb8        0xc /usr/lib/gcc/avr/7.3.0/avr35/libgcc.a(_tablejump2.o)
                0x0000000000000fb8                __tablejump2__
 .text.avr-libc
                0x0000000000000fc4       0x1a /usr/lib/gcc/avr/7.3.0/../../../avr/lib/avr35/libc.a(memcmp.o)
                0x0000000000000fc4                memcmp
 .text.avr-libc
                0x0000000000000fde       0x12 /usr/lib/gcc/avr/7.3.0/../../../avr/lib/avr35/libc.a(memcpy.o)
                0x0000000000000fde                memcpy
 .text.avr-libc
                0x0000000000000ff0        0xe /usr/lib/gcc/avr/7.3.0/../../../avr/lib/avr35/libc.a(memset.o)
                0x0000000000000ff0                memset
                0x0000000000000ffe                . = ALIGN (0x2)
 *(.fini9)
 .fini9         0x0000000000000ffe        0x0 /usr/lib/gcc/avr/7.3.0/avr35/libgcc.a(_exit.o)
                0x0000000000000ffe                exit
                0x0000000000000ffe                _exit
 *(.fini9)
 *(.fini8)
 *(.fini8)
 *(.fini7)
 *(.fini7)
 *(.fini6)
 *(.fini6)
 *(.fini5)
 *(.fini5)
 *(.fini4)
 *(.fini4)
 *(.fini3)
 *(.fini3)
 *(.fini2)
 *(.fini2)
 *(.fini1)
 *(.fini1)
 *(.fini0)
 .fini0         0x0000000000000ffe        0x4 /usr/lib/gcc/avr/7.3.0/avr35/libgcc.a(_exit.o)
 *(.fini0)
                0x0000000000001002                _etext = .

.data           0x0000000000800100        0xe load address 0x0000000000001002
                0x0000000000800100                PROVIDE (__data_start, .)
 *(.data)
 .data          0x0000000000800100        0xd Arduino-keyboard.o
                0x0000000000800100                HID_KeyboardInterface
 *(.data*)
 *(.gnu.linkonce.d*)
 *(.rodata)
 *(.rodata*)
 *(.gnu.linkonce.r*)
                0x000000000080010e                . = ALIGN (0x2)
 *fill*         0x000000000080010d        0x1 
                0x000000000080010e                _edata = .
                0x000000000080010e                PROVIDE (__data_end, .)

.bss            0x000000000080010e       0xa1
                0x000000000080010e                PROVIDE (__bss_start, .)
 *(.bss)
 .bss           0x000000000080010e        0xa Arduino-keyboard.o
                0x000000000080010e                ledReport
                0x000000000080010f                keyboardData
 *(.bss*)
 *(COMMON)
 COMMON         0x0000000000800118       0x8d Arduino-keyboard.o
                0x0000000000800118                PrevKeyboardHIDReportBuffer
                0x0000000000800120                USARTtoUSB_Buffer
 COMMON         0x00000000008001a5        0x1 LUFA/Drivers/USB/HighLevel/DeviceStandardReq.o
                0x00000000008001a5                USB_ConfigurationNumber
 COMMON         0x00000000008001a6        0x9 LUFA/Drivers/USB/HighLevel/USBTask.o
                0x00000000008001a6                USB_IsInitialized
                0x00000000008001a7                USB_ControlRequest
                0x00000000008001af                PROVIDE (__bss_end, .)
                0x0000000000001002                __data_load_start = LOADADDR (.data)
                0x0000000000001010                __data_load_end = (__data_load_start + SIZEOF (.data))

.noinit         0x00000000008001af        0x0
                [!provide]                        PROVIDE (__noinit_start, .)
 *(.noinit*)
                [!provide]                        PROVIDE (__noinit_end, .)
                0x00000000008001af                _end = .
                [!provide]                        PROVIDE (__heap_start, .)

.eeprom         0x0000000000810000        0x0
 *(.eeprom*)
                0x0000000000810000                __eeprom_end = .

.fuse
 *(.fuse)
 *(.lfuse)
 *(.hfuse)
 *(.efuse)

.lock
 *(.lock*)

.signature
 *(.signature*)

.user_signatures
 *(.user_signatures*)

.stab
 *(.stab)

.stabstr
 *(.stabstr)

.stab.excl
 *(.stab.excl)

.stab.exclstr
 *(.stab.exclstr)

.stab.index
 *(.stab.index)

.stab.indexstr
 *(.stab.indexstr)

.comment        0x0000000000000000       0x11
 *(.comment)
 .comment       0x0000000000000000       0x11 Arduino-keyboard.o
                                         0x12 (size before relaxing)
 .comment       0x0000000000000011       0x12 Descriptors.o
 .comment       0x0000000000000011       0x12 LUFA/Drivers/USB/LowLevel/Endpoint.o
 .comment       0x0000000000000011       0x12 LUFA/Drivers/USB/LowLevel/USBController.o
 .comment       0x0000000000000011       0x12 LUFA/Drivers/USB/LowLevel/USBInterrupt.o
 .comment       0x0000000000000011       0x12 LUFA/Drivers/USB/HighLevel/DeviceStandardReq.o
 .comment       0x0000000000000011       0x12 LUFA/Drivers/USB/HighLevel/Events.o
 .comment       0x0000000000000011       0x12 LUFA/Drivers/USB/HighLevel/USBTask.o
 .comment       0x0000000000000011       0x12 LUFA/Drivers/USB/Class/Device/HID.o

.note.gnu.avr.deviceinfo
                0x0000000000000000       0x3c
 .note.gnu.avr.deviceinfo
                0x0000000000000000       0x3c /usr/lib/gcc/avr/7.3.0/../../../avr/lib/avr35/crtatmega8u2.o

.note.gnu.build-id
 *(.note.gnu.build-id)

.debug
 *(.debug)

.line
 *(.line)

.debug_srcinfo
 *(.debug_srcinfo)

.debug_sfnames
 *(.debug_sfnames)

.debug_aranges  0x0000000000000000      0x258
 *(.debug_aranges)
 .debug_aranges
                0x0000000000000000       0x60 Arduino-keyboard.o
 .debug_aranges
                0x0000000000000060       0x20 Descriptors.o
 .debug_aranges
                0x0000000000000080       0xe8 LUFA/Drivers/USB/LowLevel/Endpoint.o
 .debug_aranges
                0x0000000000000168       0x30 LUFA/Drivers/USB/LowLevel/USBController.o
 .debug_aranges
                0x0000000000000198       0x30 LUFA/Drivers/USB/LowLevel/USBInterrupt.o
 .debug_aranges
                0x00000000000001c8       0x20 LUFA/Drivers/USB/HighLevel/DeviceStandardReq.o
 .debug_aranges
                0x00000000000001e8       0x20 LUFA/Drivers/USB/HighLevel/Events.o
 .debug_aranges
                0x0000000000000208       0x20 LUFA/Drivers/USB/HighLevel/USBTask.o
 .debug_aranges
                0x0000000000000228       0x30 LUFA/Drivers/USB/Class/Device/HID.o

.debug_pubnames
 *(.debug_pubnames)

.debug_info     0x0000000000000000     0x4a99
 *(.debug_info .gnu.linkonce.wi.*)
 .debug_info    0x0000000000000000      0x696 /usr/lib/gcc/avr/7.3.0/../../../avr/lib/avr35/crtatmega8u2.o
 .debug_info    0x0000000000000696      0xcd7 Arduino-keyboard.o
 .debug_info    0x000000000000136d      0x6cd Descriptors.o
 .debug_info    0x0000000000001a3a     0x172e LUFA/Drivers/USB/LowLevel/Endpoint.o
 .debug_info    0x0000000000003168      0x2f7 LUFA/Drivers/USB/LowLevel/USBController.o
 .debug_info    0x000000000000345f      0x35d LUFA/Drivers/USB/LowLevel/USBInterrupt.o
 .debug_info    0x00000000000037bc      0x6fc LUFA/Drivers/USB/HighLevel/DeviceStandardReq.o
 .debug_info    0x0000000000003eb8       0x78 LUFA/Drivers/USB/HighLevel/Events.o
 .debug_info    0x0000000000003f30      0x258 LUFA/Drivers/USB/HighLevel/USBTask.o
 .debug_info    0x0000000000004188      0x911 LUFA/Drivers/USB/Class/Device/HID.o

.debug_abbrev   0x0000000000000000     0x1792
 *(.debug_abbrev)
 .debug_abbrev  0x0000000000000000      0x63b /usr/lib/gcc/avr/7.3.0/../../../avr/lib/avr35/crtatmega8u2.o
 .debug_abbrev  0x000000000000063b      0x475 Arduino-keyboard.o
 .debug_abbrev  0x0000000000000ab0      0x15b Descriptors.o
 .debug_abbrev  0x0000000000000c0b      0x264 LUFA/Drivers/USB/LowLevel/Endpoint.o
 .debug_abbrev  0x0000000000000e6f      0x146 LUFA/Drivers/USB/LowLevel/USBController.o
 .debug_abbrev  0x0000000000000fb5      0x17e LUFA/Drivers/USB/LowLevel/USBInterrupt.o
 .debug_abbrev  0x0000000000001133      0x276 LUFA/Drivers/USB/HighLevel/DeviceStandardReq.o
 .debug_abbrev  0x00000000000013a9       0x44 LUFA/Drivers/USB/HighLevel/Events.o
 .debug_abbrev  0x00000000000013ed      0x170 LUFA/Drivers/USB/HighLevel/USBTask.o
 .debug_abbrev  0x000000000000155d      0x235 LUFA/Drivers/USB/Class/Device/HID.o

.debug_line     0x0000000000000000     0x28e5
 *(.debug_line .debug_line.* .debug_line_end)
 .debug_line    0x0000000000000000       0x1a /usr/lib/gcc/avr/7.3.0/../../../avr/lib/avr35/crtatmega8u2.o
 .debug_line    0x000000000000001a      0x5a2 Arduino-keyboard.o
 .debug_line    0x00000000000005bc      0x213 Descriptors.o
 .debug_line    0x00000000000007cf     0x12cd LUFA/Drivers/USB/LowLevel/Endpoint.o
 .debug_line    0x0000000000001a9c      0x22e LUFA/Drivers/USB/LowLevel/USBController.o
 .debug_line    0x0000000000001cca      0x29f LUFA/Drivers/USB/LowLevel/USBInterrupt.o
 .debug_line    0x0000000000001f69      0x33e LUFA/Drivers/USB/HighLevel/DeviceStandardReq.o
 .debug_line    0x00000000000022a7       0x57 LUFA/Drivers/USB/HighLevel/Events.o
 .debug_line    0x00000000000022fe      0x15d LUFA/Drivers/USB/HighLevel/USBTask.o
 .debug_line    0x000000000000245b      0x48a LUFA/Drivers/USB/Class/Device/HID.o

.debug_frame    0x0000000000000000      0x7e8
 *(.debug_frame)
 .debug_frame   0x0000000000000000      0x130 Arduino-keyboard.o
 .debug_frame   0x0000000000000130       0x24 Descriptors.o
 .debug_frame   0x0000000000000154      0x42c LUFA/Drivers/USB/LowLevel/Endpoint.o
 .debug_frame   0x0000000000000580       0x44 LUFA/Drivers/USB/LowLevel/USBController.o
 .debug_frame   0x00000000000005c4       0x98 LUFA/Drivers/USB/LowLevel/USBInterrupt.o
 .debug_frame   0x000000000000065c       0x3c LUFA/Drivers/USB/HighLevel/DeviceStandardReq.o
 .debug_frame   0x0000000000000698       0x24 LUFA/Drivers/USB/HighLevel/Events.o
 .debug_frame   0x00000000000006bc       0x2c LUFA/Drivers/USB/HighLevel/USBTask.o
 .debug_frame   0x00000000000006e8      0x100 LUFA/Drivers/USB/Class/Device/HID.o

.debug_str      0x0000000000000000     0x1bc9
 *(.debug_str)
 .debug_str     0x0000000000000000      0x256 /usr/lib/gcc/avr/7.3.0/../../../avr/lib/avr35/crtatmega8u2.o
 .debug_str     0x0000000000000256      0x7b9 Arduino-keyboard.o
                                        0x844 (size before relaxing)
 .debug_str     0x0000000000000a0f      0x498 Descriptors.o
                                        0x747 (size before relaxing)
 .debug_str     0x0000000000000ea7      0x736 LUFA/Drivers/USB/LowLevel/Endpoint.o
                                        0xaf3 (size before relaxing)
 .debug_str     0x00000000000015dd      0x118 LUFA/Drivers/USB/LowLevel/USBController.o
                                        0x3eb (size before relaxing)
 .debug_str     0x00000000000016f5       0x5b LUFA/Drivers/USB/LowLevel/USBInterrupt.o
                                        0x495 (size before relaxing)
 .debug_str     0x0000000000001750      0x2de LUFA/Drivers/USB/HighLevel/DeviceStandardReq.o
                                        0x719 (size before relaxing)
 .debug_str     0x0000000000001a2e       0x33 LUFA/Drivers/USB/HighLevel/Events.o
                                        0x1cb (size before relaxing)
 .debug_str     0x0000000000001a61       0x5d LUFA/Drivers/USB/HighLevel/USBTask.o
                                        0x394 (size before relaxing)
 .debug_str     0x0000000000001abe      0x10b LUFA/Drivers/USB/Class/Device/HID.o
                                        0x767 (size before relaxing)

.debug_loc      0x0000000000000000     0x315f
 *(.debug_loc)
 .debug_loc     0x0000000000000000      0x66a Arduino-keyboard.o
 .debug_loc     0x000000000000066a      0x24c Descriptors.o
 .debug_loc     0x00000000000008b6     0x2132 LUFA/Drivers/USB/LowLevel/Endpoint.o
 .debug_loc     0x00000000000029e8       0x13 LUFA/Drivers/USB/LowLevel/USBController.o
 .debug_loc     0x00000000000029fb       0xf3 LUFA/Drivers/USB/LowLevel/USBInterrupt.o
 .debug_loc     0x0000000000002aee      0x1dd LUFA/Drivers/USB/HighLevel/DeviceStandardReq.o
 .debug_loc     0x0000000000002ccb       0x49 LUFA/Drivers/USB/HighLevel/USBTask.o
 .debug_loc     0x0000000000002d14      0x44b LUFA/Drivers/USB/Class/Device/HID.o

.debug_macinfo
 *(.debug_macinfo)

.debug_weaknames
 *(.debug_weaknames)

.debug_funcnames
 *(.debug_funcnames)

.debug_typenames
 *(.debug_typenames)

.debug_varnames
 *(.debug_varnames)

.debug_pubtypes
 *(.debug_pubtypes)

.debug_ranges   0x0000000000000000      0x350
 *(.debug_ranges)
 .debug_ranges  0x0000000000000000       0x98 Arduino-keyboard.o
 .debug_ranges  0x0000000000000098       0x28 Descriptors.o
 .debug_ranges  0x00000000000000c0      0x168 LUFA/Drivers/USB/LowLevel/Endpoint.o
 .debug_ranges  0x0000000000000228       0x20 LUFA/Drivers/USB/LowLevel/USBController.o
 .debug_ranges  0x0000000000000248       0x20 LUFA/Drivers/USB/LowLevel/USBInterrupt.o
 .debug_ranges  0x0000000000000268       0x90 LUFA/Drivers/USB/HighLevel/DeviceStandardReq.o
 .debug_ranges  0x00000000000002f8       0x10 LUFA/Drivers/USB/HighLevel/Events.o
 .debug_ranges  0x0000000000000308       0x10 LUFA/Drivers/USB/HighLevel/USBTask.o
 .debug_ranges  0x0000000000000318       0x38 LUFA/Drivers/USB/Class/Device/HID.o

.debug_macro
 *(.debug_macro)
OUTPUT(Arduino-keyboard.elf elf32-avr)
LOAD linker stubs

Cross Reference Table

Symbol                                            File
Audio_Device_ConfigureEndpoints                   LUFA/Drivers/USB/Class/Device/Audio.o
Audio_Device_ProcessControlRequest                LUFA/Drivers/USB/Class/Device/Audio.o
CALLBACK_HID_Device_CreateHIDReport               Arduino-keyboard.o
                                                  LUFA/Drivers/USB/Class/Device/HID.o
CALLBACK_HID_Device_ProcessHIDReport              Arduino-keyboard.o
                                                  LUFA/Drivers/USB/Class/Device/HID.o
CALLBACK_MS_Device_SCSICommandReceived            LUFA/Drivers/USB/Class/Device/MassStorage.o
CALLBACK_USB_GetDescriptor                        Descriptors.o
                                                  LUFA/Drivers/USB/HighLevel/DeviceStandardReq.o
CDC_Device_BytesReceived                          LUFA/Drivers/USB/Class/Device/CDC.o
CDC_Device_ConfigureEndpoints                     LUFA/Drivers/USB/Class/Device/CDC.o
CDC_Device_CreateBlockingStream                   LUFA/Drivers/USB/Class/Device/CDC.o
CDC_Device_CreateStream                           LUFA/Drivers/USB/Class/Device/CDC.o
CDC_Device_Event_Stub                             LUFA/Drivers/USB/Class/Device/CDC.o
CDC_Device_Flush                                  LUFA/Drivers/USB/Class/Device/CDC.o
CDC_Device_ProcessControlRequest                  LUFA/Drivers/USB/Class/Device/CDC.o
CDC_Device_ReceiveByte                            LUFA/Drivers/USB/Class/Device/CDC.o
CDC_Device_SendByte                               LUFA/Drivers/USB/Class/Device/CDC.o
CDC_Device_SendControlLineStateChange             LUFA/Drivers/USB/Class/Device/CDC.o
CDC_Device_SendString                             LUFA/Drivers/USB/Class/Device/CDC.o
CDC_Device_USBTask                                LUFA/Drivers/USB/Class/Device/CDC.o
ConfigurationDescriptor                           Descriptors.o
DeviceDescriptor                                  Descriptors.o
EVENT_CDC_Device_BreakSent                        LUFA/Drivers/USB/Class/Device/CDC.o
EVENT_CDC_Device_ControLineStateChanged           LUFA/Drivers/USB/Class/Device/CDC.o
EVENT_CDC_Device_LineEncodingChanged              LUFA/Drivers/USB/Class/Device/CDC.o
EVENT_USB_Device_ConfigurationChanged             Arduino-keyboard.o
                                                  LUFA/Drivers/USB/HighLevel/DeviceStandardReq.o
EVENT_USB_Device_Connect                          Arduino-keyboard.o
                                                  LUFA/Drivers/USB/LowLevel/USBInterrupt.o
EVENT_USB_Device_Disconnect                       Arduino-keyboard.o
                                                  LUFA/Drivers/USB/LowLevel/USBInterrupt.o
EVENT_USB_Device_Reset                            LUFA/Drivers/USB/HighLevel/Events.o
                                                  LUFA/Drivers/USB/LowLevel/USBInterrupt.o
EVENT_USB_Device_StartOfFrame                     Arduino-keyboard.o
                                                  LUFA/Drivers/USB/LowLevel/USBInterrupt.o
EVENT_USB_Device_Suspend                          LUFA/Drivers/USB/HighLevel/Events.o
EVENT_USB_Device_UnhandledControlRequest          Arduino-keyboard.o
                                                  LUFA/Drivers/USB/HighLevel/DeviceStandardReq.o
EVENT_USB_Device_WakeUp                           LUFA/Drivers/USB/HighLevel/Events.o
Endpoint_BytesToEPSizeMaskDynamic                 LUFA/Drivers/USB/LowLevel/Endpoint.o
                                                  LUFA/Drivers/USB/Class/Device/RNDIS.o
                                                  LUFA/Drivers/USB/Class/Device/MIDI.o
                                                  LUFA/Drivers/USB/Class/Device/MassStorage.o
                                                  LUFA/Drivers/USB/Class/Device/HID.o
                                                  LUFA/Drivers/USB/Class/Device/CDC.o
                                                  LUFA/Drivers/USB/Class/Device/Audio.o
Endpoint_ClearEndpoints                           LUFA/Drivers/USB/LowLevel/Endpoint.o
                                                  LUFA/Drivers/USB/LowLevel/USBInterrupt.o
Endpoint_ClearStatusStage                         LUFA/Drivers/USB/LowLevel/Endpoint.o
                                                  LUFA/Drivers/USB/Class/Device/MassStorage.o
                                                  LUFA/Drivers/USB/Class/Device/HID.o
                                                  LUFA/Drivers/USB/Class/Device/CDC.o
                                                  LUFA/Drivers/USB/Class/Device/Audio.o
                                                  LUFA/Drivers/USB/HighLevel/DeviceStandardReq.o
Endpoint_ConfigureEndpoint_Prv                    LUFA/Drivers/USB/LowLevel/Endpoint.o
                                                  LUFA/Drivers/USB/Class/Device/RNDIS.o
                                                  LUFA/Drivers/USB/Class/Device/MIDI.o
                                                  LUFA/Drivers/USB/Class/Device/MassStorage.o
                                                  LUFA/Drivers/USB/Class/Device/HID.o
                                                  LUFA/Drivers/USB/Class/Device/CDC.o
                                                  LUFA/Drivers/USB/Class/Device/Audio.o
                                                  LUFA/Drivers/USB/LowLevel/USBInterrupt.o
                                                  Arduino-keyboard.o
Endpoint_Discard_Stream                           LUFA/Drivers/USB/LowLevel/Endpoint.o
Endpoint_Read_Control_EStream_BE                  LUFA/Drivers/USB/LowLevel/Endpoint.o
Endpoint_Read_Control_EStream_LE                  LUFA/Drivers/USB/LowLevel/Endpoint.o
Endpoint_Read_Control_Stream_BE                   LUFA/Drivers/USB/LowLevel/Endpoint.o
Endpoint_Read_Control_Stream_LE                   LUFA/Drivers/USB/LowLevel/Endpoint.o
                                                  LUFA/Drivers/USB/Class/Device/RNDIS.o
                                                  LUFA/Drivers/USB/Class/Device/HID.o
                                                  LUFA/Drivers/USB/Class/Device/CDC.o
Endpoint_Read_EStream_BE                          LUFA/Drivers/USB/LowLevel/Endpoint.o
Endpoint_Read_EStream_LE                          LUFA/Drivers/USB/LowLevel/Endpoint.o
Endpoint_Read_Stream_BE                           LUFA/Drivers/USB/LowLevel/Endpoint.o
Endpoint_Read_Stream_LE                           LUFA/Drivers/USB/LowLevel/Endpoint.o
                                                  LUFA/Drivers/USB/Class/Device/RNDIS.o
                                                  LUFA/Drivers/USB/Class/Device/MIDI.o
                                                  LUFA/Drivers/USB/Class/Device/MassStorage.o
Endpoint_WaitUntilReady                           LUFA/Drivers/USB/LowLevel/Endpoint.o
                                                  LUFA/Drivers/USB/Class/Device/MIDI.o
                                                  LUFA/Drivers/USB/Class/Device/CDC.o
Endpoint_Write_Control_EStream_BE                 LUFA/Drivers/USB/LowLevel/Endpoint.o
Endpoint_Write_Control_EStream_LE                 LUFA/Drivers/USB/LowLevel/Endpoint.o
Endpoint_Write_Control_PStream_BE                 LUFA/Drivers/USB/LowLevel/Endpoint.o
Endpoint_Write_Control_PStream_LE                 LUFA/Drivers/USB/LowLevel/Endpoint.o
                                                  LUFA/Drivers/USB/HighLevel/DeviceStandardReq.o
Endpoint_Write_Control_Stream_BE                  LUFA/Drivers/USB/LowLevel/Endpoint.o
Endpoint_Write_Control_Stream_LE                  LUFA/Drivers/USB/LowLevel/Endpoint.o
                                                  LUFA/Drivers/USB/Class/Device/RNDIS.o
                                                  LUFA/Drivers/USB/Class/Device/HID.o
                                                  LUFA/Drivers/USB/Class/Device/CDC.o
Endpoint_Write_EStream_BE                         LUFA/Drivers/USB/LowLevel/Endpoint.o
Endpoint_Write_EStream_LE                         LUFA/Drivers/USB/LowLevel/Endpoint.o
Endpoint_Write_PStream_BE                         LUFA/Drivers/USB/LowLevel/Endpoint.o
Endpoint_Write_PStream_LE                         LUFA/Drivers/USB/LowLevel/Endpoint.o
Endpoint_Write_Stream_BE                          LUFA/Drivers/USB/LowLevel/Endpoint.o
Endpoint_Write_Stream_LE                          LUFA/Drivers/USB/LowLevel/Endpoint.o
                                                  LUFA/Drivers/USB/Class/Device/RNDIS.o
                                                  LUFA/Drivers/USB/Class/Device/MIDI.o
                                                  LUFA/Drivers/USB/Class/Device/MassStorage.o
                                                  LUFA/Drivers/USB/Class/Device/HID.o
                                                  LUFA/Drivers/USB/Class/Device/CDC.o
HID_Device_ConfigureEndpoints                     LUFA/Drivers/USB/Class/Device/HID.o
                                                  Arduino-keyboard.o
HID_Device_ProcessControlRequest                  LUFA/Drivers/USB/Class/Device/HID.o
                                                  Arduino-keyboard.o
HID_Device_USBTask                                LUFA/Drivers/USB/Class/Device/HID.o
                                                  Arduino-keyboard.o
HID_KeyboardInterface                             Arduino-keyboard.o
KeyboardReport                                    Descriptors.o
LanguageString                                    Descriptors.o
MIDI_Device_ConfigureEndpoints                    LUFA/Drivers/USB/Class/Device/MIDI.o
MIDI_Device_Flush                                 LUFA/Drivers/USB/Class/Device/MIDI.o
MIDI_Device_ReceiveEventPacket                    LUFA/Drivers/USB/Class/Device/MIDI.o
MIDI_Device_SendEventPacket                       LUFA/Drivers/USB/Class/Device/MIDI.o
MS_Device_ConfigureEndpoints                      LUFA/Drivers/USB/Class/Device/MassStorage.o
MS_Device_ProcessControlRequest                   LUFA/Drivers/USB/Class/Device/MassStorage.o
MS_Device_USBTask                                 LUFA/Drivers/USB/Class/Device/MassStorage.o
ManufacturerString                                Descriptors.o
MediaReport                                       Descriptors.o
PrevKeyboardHIDReportBuffer                       Arduino-keyboard.o
ProductString                                     Descriptors.o
RNDIS_Device_ConfigureEndpoints                   LUFA/Drivers/USB/Class/Device/RNDIS.o
RNDIS_Device_ProcessControlRequest                LUFA/Drivers/USB/Class/Device/RNDIS.o
RNDIS_Device_USBTask                              LUFA/Drivers/USB/Class/Device/RNDIS.o
SetupHardware                                     Arduino-keyboard.o
USARTtoUSB_Buffer                                 Arduino-keyboard.o
USB_ConfigurationNumber                           LUFA/Drivers/USB/HighLevel/DeviceStandardReq.o
                                                  LUFA/Drivers/USB/LowLevel/USBInterrupt.o
                                                  LUFA/Drivers/USB/LowLevel/USBController.o
USB_ControlRequest                                LUFA/Drivers/USB/HighLevel/USBTask.o
                                                  LUFA/Drivers/USB/Class/Device/RNDIS.o
                                                  LUFA/Drivers/USB/Class/Device/MassStorage.o
                                                  LUFA/Drivers/USB/Class/Device/HID.o
                                                  LUFA/Drivers/USB/Class/Device/CDC.o
                                                  LUFA/Drivers/USB/Class/Device/Audio.o
                                                  LUFA/Drivers/USB/HighLevel/DeviceStandardReq.o
                                                  LUFA/Drivers/USB/LowLevel/Endpoint.o
USB_Device_ProcessControlRequest                  LUFA/Drivers/USB/HighLevel/DeviceStandardReq.o
                                                  LUFA/Drivers/USB/HighLevel/USBTask.o
USB_Device_SendRemoteWakeup                       LUFA/Drivers/USB/LowLevel/Device.o
USB_Event_Stub                                    LUFA/Drivers/USB/HighLevel/Events.o
USB_GetNextDescriptorComp                         LUFA/Drivers/USB/HighLevel/ConfigDescriptor.o
USB_GetNextDescriptorOfType                       LUFA/Drivers/USB/HighLevel/ConfigDescriptor.o
USB_GetNextDescriptorOfTypeAfter                  LUFA/Drivers/USB/HighLevel/ConfigDescriptor.o
USB_GetNextDescriptorOfTypeBefore                 LUFA/Drivers/USB/HighLevel/ConfigDescriptor.o
USB_INT_ClearAllInterrupts                        LUFA/Drivers/USB/LowLevel/USBInterrupt.o
                                                  LUFA/Drivers/USB/LowLevel/USBController.o
USB_INT_DisableAllInterrupts                      LUFA/Drivers/USB/LowLevel/USBInterrupt.o
                                                  LUFA/Drivers/USB/LowLevel/USBController.o
USB_Init                                          LUFA/Drivers/USB/LowLevel/USBController.o
                                                  Arduino-keyboard.o
USB_IsInitialized                                 LUFA/Drivers/USB/HighLevel/USBTask.o
                                                  LUFA/Drivers/USB/LowLevel/USBController.o
USB_ResetInterface                                LUFA/Drivers/USB/LowLevel/USBController.o
USB_ShutDown                                      LUFA/Drivers/USB/LowLevel/USBController.o
USB_USBTask                                       LUFA/Drivers/USB/HighLevel/USBTask.o
                                                  LUFA/Drivers/USB/Class/Device/MassStorage.o
                                                  LUFA/Drivers/USB/Class/Device/CDC.o
                                                  Arduino-keyboard.o
__DATA_REGION_LENGTH__                            /usr/lib/gcc/avr/7.3.0/../../../avr/lib/avr35/crtatmega8u2.o
__DATA_REGION_ORIGIN__                            /usr/lib/gcc/avr/7.3.0/../../../avr/lib/avr35/crtatmega8u2.o
__EEPROM_REGION_LENGTH__                          /usr/lib/gcc/avr/7.3.0/../../../avr/lib/avr35/crtatmega8u2.o
__FUSE_REGION_LENGTH__                            /usr/lib/gcc/avr/7.3.0/../../../avr/lib/avr35/crtatmega8u2.o
__TEXT_REGION_LENGTH__                            /usr/lib/gcc/avr/7.3.0/../../../avr/lib/avr35/crtatmega8u2.o
__bad_interrupt                                   /usr/lib/gcc/avr/7.3.0/../../../avr/lib/avr35/crtatmega8u2.o
__bss_end                                         /usr/lib/gcc/avr/7.3.0/avr35/libgcc.a(_clear_bss.o)
__bss_start                                       /usr/lib/gcc/avr/7.3.0/avr35/libgcc.a(_clear_bss.o)
__data_end                                        /usr/lib/gcc/avr/7.3.0/avr35/libgcc.a(_copy_data.o)
__data_load_start                                 /usr/lib/gcc/avr/7.3.0/avr35/libgcc.a(_copy_data.o)
__data_start                                      /usr/lib/gcc/avr/7.3.0/avr35/libgcc.a(_copy_data.o)
__do_clear_bss                                    /usr/lib/gcc/avr/7.3.0/avr35/libgcc.a(_clear_bss.o)
                                                  LUFA/Drivers/USB/Class/Device/MassStorage.o
                                                  LUFA/Drivers/USB/HighLevel/USBTask.o
                                                  LUFA/Drivers/USB/HighLevel/DeviceStandardReq.o
                                                  Arduino-keyboard.o
__do_copy_data                                    /usr/lib/gcc/avr/7.3.0/avr35/libgcc.a(_copy_data.o)
                                                  LUFA/Drivers/USB/Class/Device/RNDIS.o
                                                  LUFA/Drivers/USB/Class/Device/CDC.o
                                                  Arduino-keyboard.o
__heap_end                                        /usr/lib/gcc/avr/7.3.0/../../../avr/lib/avr35/crtatmega8u2.o
__init                                            /usr/lib/gcc/avr/7.3.0/../../../avr/lib/avr35/crtatmega8u2.o
__stack                                           /usr/lib/gcc/avr/7.3.0/../../../avr/lib/avr35/crtatmega8u2.o
__tablejump2__                                    /usr/lib/gcc/avr/7.3.0/avr35/libgcc.a(_tablejump2.o)
                                                  LUFA/Drivers/USB/HighLevel/DeviceStandardReq.o
__vector_1                                        /usr/lib/gcc/avr/7.3.0/../../../avr/lib/avr35/crtatmega8u2.o
__vector_10                                       /usr/lib/gcc/avr/7.3.0/../../../avr/lib/avr35/crtatmega8u2.o
__vector_11                                       LUFA/Drivers/USB/LowLevel/USBInterrupt.o
                                                  /usr/lib/gcc/avr/7.3.0/../../../avr/lib/avr35/crtatmega8u2.o
__vector_12                                       /usr/lib/gcc/avr/7.3.0/../../../avr/lib/avr35/crtatmega8u2.o
__vector_13                                       /usr/lib/gcc/avr/7.3.0/../../../avr/lib/avr35/crtatmega8u2.o
__vector_14                                       /usr/lib/gcc/avr/7.3.0/../../../avr/lib/avr35/crtatmega8u2.o
__vector_15                                       /usr/lib/gcc/avr/7.3.0/../../../avr/lib/avr35/crtatmega8u2.o
__vector_16                                       /usr/lib/gcc/avr/7.3.0/../../../avr/lib/avr35/crtatmega8u2.o
__vector_17                                       /usr/lib/gcc/avr/7.3.0/../../../avr/lib/avr35/crtatmega8u2.o
__vector_18                                       /usr/lib/gcc/avr/7.3.0/../../../avr/lib/avr35/crtatmega8u2.o
__vector_19                                       /usr/lib/gcc/avr/7.3.0/../../../avr/lib/avr35/crtatmega8u2.o
__vector_2                                        /usr/lib/gcc/avr/7.3.0/../../../avr/lib/avr35/crtatmega8u2.o
__vector_20                                       /usr/lib/gcc/avr/7.3.0/../../../avr/lib/avr35/crtatmega8u2.o
__vector_21                                       /usr/lib/gcc/avr/7.3.0/../../../avr/lib/avr35/crtatmega8u2.o
__vector_22                                       /usr/lib/gcc/avr/7.3.0/../../../avr/lib/avr35/crtatmega8u2.o
__vector_23                                       Arduino-keyboard.o
                                                  /usr/lib/gcc/avr/7.3.0/../../../avr/lib/avr35/crtatmega8u2.o
__vector_24                                       /usr/lib/gcc/avr/7.3.0/../../../avr/lib/avr35/crtatmega8u2.o
__vector_25                                       /usr/lib/gcc/avr/7.3.0/../../../avr/lib/avr35/crtatmega8u2.o
__vector_26                                       /usr/lib/gcc/avr/7.3.0/../../../avr/lib/avr35/crtatmega8u2.o
__vector_27                                       /usr/lib/gcc/avr/7.3.0/../../../avr/lib/avr35/crtatmega8u2.o
__vector_28                                       /usr/lib/gcc/avr/7.3.0/../../../avr/lib/avr35/crtatmega8u2.o
__vector_3                                        /usr/lib/gcc/avr/7.3.0/../../../avr/lib/avr35/crtatmega8u2.o
__vector_4                                        /usr/lib/gcc/avr/7.3.0/../../../avr/lib/avr35/crtatmega8u2.o
__vector_5                                        /usr/lib/gcc/avr/7.3.0/../../../avr/lib/avr35/crtatmega8u2.o
__vector_6                                        /usr/lib/gcc/avr/7.3.0/../../../avr/lib/avr35/crtatmega8u2.o
__vector_7                                        /usr/lib/gcc/avr/7.3.0/../../../avr/lib/avr35/crtatmega8u2.o
__vector_8                                        /usr/lib/gcc/avr/7.3.0/../../../avr/lib/avr35/crtatmega8u2.o
__vector_9                                        /usr/lib/gcc/avr/7.3.0/../../../avr/lib/avr35/crtatmega8u2.o
__vector_default                                  /usr/lib/gcc/avr/7.3.0/../../../avr/lib/avr35/crtatmega8u2.o
__vectors                                         /usr/lib/gcc/avr/7.3.0/../../../avr/lib/avr35/crtatmega8u2.o
_exit                                             /usr/lib/gcc/avr/7.3.0/avr35/libgcc.a(_exit.o)
eeprom_read_byte                                  /usr/lib/gcc/avr/7.3.0/../../../avr/lib/avr35/libatmega8u2.a(eerd_byte.o)
                                                  LUFA/Drivers/USB/LowLevel/Endpoint.o
eeprom_update_byte                                /usr/lib/gcc/avr/7.3.0/../../../avr/lib/avr35/libatmega8u2.a(eeupd_byte.o)
                                                  LUFA/Drivers/USB/LowLevel/Endpoint.o
eeprom_update_r18                                 /usr/lib/gcc/avr/7.3.0/../../../avr/lib/avr35/libatmega8u2.a(eeupd_byte.o)
exit                                              /usr/lib/gcc/avr/7.3.0/avr35/libgcc.a(_exit.o)
                                                  /usr/lib/gcc/avr/7.3.0/../../../avr/lib/avr35/crtatmega8u2.o
keyboardData                                      Arduino-keyboard.o
ledReport                                         Arduino-keyboard.o
main                                              Arduino-keyboard.o
                                                  /usr/lib/gcc/avr/7.3.0/../../../avr/lib/avr35/crtatmega8u2.o
memcmp                                            /usr/lib/gcc/avr/7.3.0/../../../avr/lib/avr35/libc.a(memcmp.o)
                                                  LUFA/Drivers/USB/Class/Device/HID.o
memcpy                                            /usr/lib/gcc/avr/7.3.0/../../../avr/lib/avr35/libc.a(memcpy.o)
                                                  LUFA/Drivers/USB/Class/Device/RNDIS.o
                                                  LUFA/Drivers/USB/Class/Device/HID.o
memcpy_P                                          /usr/lib/gcc/avr/7.3.0/../../../avr/lib/avr35/libc.a(memcpy_P.o)
                                                  LUFA/Drivers/USB/Class/Device/RNDIS.o
memset                                            /usr/lib/gcc/avr/7.3.0/../../../avr/lib/avr35/libc.a(memset.o)
                                                  LUFA/Drivers/USB/Class/Device/HID.o
